=== ladder ===

=== U(0.01,0.1), eps=1e-03   N_min=15  budgets 666..224,133 (36) ===
   brute 90% crossing: 45,577 here vs 45,900 reported (x0.993)
   ladder_capped     max=1.000  90%@10,541  miss@90%=0.022%
   ladder_unbounded  max=1.000  90%@10,124  miss@90%=0.026%
   [1/7] written.

=== U(0.01,0.1), eps=1e-04   N_min=15  budgets 6,666..22,413,333 (36) ===
   brute 90% crossing: 4,488,957 here vs 4,530,000 reported (x0.991)
   ladder_capped     max=1.000  90%@510,851  miss@90%=0.048%
   ladder_unbounded  max=1.000  90%@92,874  miss@90%=0.038%
   [2/7] written.

=== U(0.01,0.1), eps=1e-05   N_min=15  budgets 66,666..2,241,333,333 (36) ===
   brute 90% crossing: 452,409,668 here vs 451,000,000 reported (x1.003)
   ladder_capped     max=1.000  90%@49,637,604  miss@90%=0.000%
   ladder_unbounded  max=1.000  90%@939,906  miss@90%=0.084%
   [3/7] written.

=== U(0.01,0.1), eps=1e-06   N_min=15  budgets 666,666..224,133,333,333 (36) ===
   brute 90% crossing: 45,352,578,488 here vs 45,100,000,000 reported (x1.006)
   ladder_capped     max=1.000  90%@4,921,622,475  miss@90%=0.002%
   ladder_unbounded  max=1.000  90%@9,423,668  miss@90%=0.096%
   [4/7] written.

=== U(0.01,0.1), eps=1e-07   N_min=15  budgets 6,666,666..22,413,333,333,333 (36) ===
   brute 90% crossing: 4,555,306,158,375 here vs 4,510,000,000,000 reported (x1.010)
   ladder_capped     max=1.000  90%@488,619,603,160  miss@90%=0.002%
   ladder_unbounded  max=1.000  90%@93,031,533  miss@90%=0.112%
   [5/7] written.

=== U(0.01,0.1), eps=1e-08   N_min=15  budgets 66,666,666..2,241,333,333,333,333 (36) ===
   brute 90% crossing: 455,387,972,051,628 here vs 451,000,000,000,000 reported (x1.010)
   ladder_capped     max=1.000  90%@49,876,430,857,104  miss@90%=0.002%
   ladder_unbounded  max=1.000  90%@958,239,971  miss@90%=0.140%
   [6/7] written.

=== U(0.001,0.01), eps=1e-04   N_min=157  budgets 6,666..2,141,401 (36) ===
   brute 90% crossing: 440,167 here vs 441,000 reported (x0.998)
   ladder_capped     max=1.000  90%@101,389  miss@90%=0.000%
   ladder_unbounded  max=1.000  90%@100,062  miss@90%=0.000%
   [7/7] written.

=== Table 3.1 operating point (budget 10,000, eps=1e-3, U(0.01,0.1)) ===
   T3.1 point ladder_capped: 88.30%  cfg={'m_stage': 50, 'z': 2.0, 'safety': 0.9, 'final_frac': 0.5, 'budget': 10000}
   T3.1 point ladder_unbounded: 89.16%  cfg={'m_stage': 50, 'z': 2.0, 'safety': 0.9, 'final_frac': 0.3, 'budget': 10000}
wrote /home/tsteindl/Programming/ba_thesis_sim/results/LADDER.md and /home/tsteindl/Programming/ba_thesis_sim/results/fig_ladder_scaling.png
=== broad_dist ===
=== U(0.01,pi/2) ===
    B=       3,000  brut  8.7  line 10.1  bina  5.1  bina 12.4  reve  8.7  reve 12.3  reve  8.5  orac 14.6
    B=       6,763  brut 13.2  line 15.5  bina 10.5  bina 19.0  reve 13.4  reve 18.8  reve 13.3  orac 21.4
    B=      15,244  brut 19.8  line 23.0  bina 17.6  bina 28.6  reve 19.6  reve 28.7  reve 18.7  orac 30.7
    B=      34,363  brut 28.9  line 34.7  bina 27.5  bina 41.4  reve 29.2  reve 41.4  reve 24.2  orac 42.9
